Bootstrap mAP 95% CI  |  TEST split, 40 images, B=2000, seed=42
engine=DetectionValidator (rect=True, batch=1)  conf=0.001 iou_nms=0.7
pooled-all-40 == model.val(); AP via ultralytics ap_per_class
================================================================================

PER-CONFIG  observed [95% CI]   (observed == model.val pooled over all 40):
    config |                    mAP@0.5 |               mAP@0.5:0.95
------------------------------------------------------------------------
   800@320 |   0.285  [0.213, 0.367]  |   0.152  [0.106, 0.212]
   800@512 |   0.580  [0.495, 0.654]  |   0.361  [0.304, 0.418]
   800@640 |   0.635  [0.539, 0.716]  |   0.416  [0.353, 0.482]
   800@800 |   0.689  [0.609, 0.753]  |   0.459  [0.395, 0.521]
 native320 |   0.334  [0.258, 0.424]  |   0.192  [0.141, 0.259]
 native512 |   0.528  [0.446, 0.599]  |   0.320  [0.266, 0.376]
 native640 |   0.594  [0.502, 0.684]  |   0.373  [0.306, 0.452]

PAIRED bootstrap   Delta = native-N - 800@N   (same resampled images):
  significant if the 95% CI of Delta excludes 0.
                  pair |      metric |   Delta |      95% CI of Delta | sig?
------------------------------------------------------------------------------
  native320 vs 800@320 |     mAP@0.5 |  +0.049 | [-0.002, +0.100] | no
  native320 vs 800@320 |  mAP@.5:.95 |  +0.039 | [+0.013, +0.065] | YES
  native512 vs 800@512 |     mAP@0.5 |  -0.053 | [-0.097, -0.012] | YES
  native512 vs 800@512 |  mAP@.5:.95 |  -0.040 | [-0.075, -0.012] | YES
  native640 vs 800@640 |     mAP@0.5 |  -0.041 | [-0.075, -0.001] | YES
  native640 vs 800@640 |  mAP@.5:.95 |  -0.043 | [-0.071, -0.012] | YES

CI half-width (= sampling uncertainty from 40 images), mAP@0.5:
     800@320: +/-0.077
     800@512: +/-0.080
     800@640: +/-0.088
     800@800: +/-0.072
   native320: +/-0.083
   native512: +/-0.076
   native640: +/-0.091