YOLOv8n vs YOLOv8s @320 | .pt vs fp32 TFLite | TEST + VAL | imgsz=320
==================================================================

[TEST]
    config |  mAP50 | mAP50-95 |      P |      R
------------------------------------------------
     n .pt |  0.334 |    0.193 |  0.482 |  0.326
 n .tflite |  0.337 |    0.193 |  0.474 |  0.319
     s .pt |  0.481 |    0.281 |  0.679 |  0.419
 s .tflite |  0.481 |    0.275 |  0.645 |  0.439

[VAL]
    config |  mAP50 | mAP50-95 |      P |      R
------------------------------------------------
     n .pt |  0.466 |    0.249 |  0.585 |  0.436
 n .tflite |  0.466 |    0.244 |  0.682 |  0.409
     s .pt |  0.526 |    0.313 |  0.727 |  0.468
 s .tflite |  0.526 |    0.313 |  0.756 |  0.437

Key deltas:
  [test] s−n mAP50 (.pt) = +0.147
  [test] export fidelity .pt−.tflite: n=-0.003  s=+0.000
  [val] s−n mAP50 (.pt) = +0.060
  [val] export fidelity .pt−.tflite: n=-0.000  s=+0.000